21:22:36 **** Build of configuration Debug for project 001HelloWorld ****
make -j12 all 
arm-none-eabi-gcc "../Src/main.c" -mcpu=cortex-m4 -std=gnu11 -g3 -DDEBUG -DSTM32 -DSTM32F407G_DISC1 -DSTM32F4 -DSTM32F407VGTx -c -I../Inc -O0 -ffunction-sections -fdata-sections -Wall -fstack-usage -fcyclomatic-complexity -MMD -MP -MF"Src/main.d" -MT"Src/main.o" --specs=nano.specs -mfloat-abi=soft -mthumb -o "Src/main.o"
arm-none-eabi-gcc -o "001HelloWorld.elf" @"objects.list"   -mcpu=cortex-m4 -T"C:\Users\tjdtj\STM32CubeIDE\workspace_1.14.1\target\001HelloWorld\STM32F407VGTX_FLASH.ld" --specs=nosys.specs -Wl,-Map="001HelloWorld.map" -Wl,--gc-sections -static --specs=nano.specs -mfloat-abi=soft -mthumb -Wl,--start-group -lc -lm -Wl,--end-group
Finished building target: 001HelloWorld.elf
 
arm-none-eabi-size  001HelloWorld.elf 
arm-none-eabi-objdump -h -S 001HelloWorld.elf  > "001HelloWorld.list"
   text	   data	    bss	    dec	    hex	filename
   6280	    172	   1900	   8352	   20a0	001HelloWorld.elf
Finished building: default.size.stdout
 
Finished building: 001HelloWorld.list
 

21:22:38 Build Finished. 0 errors, 0 warnings. (took 1s.568ms)

